[0.018s][info][gc] Using Concurrent Mark Sweep
[0.018s][info][gc,heap,coops] Heap address: 0x00000006c0000000, size: 4096 MB, Compressed Oops mode: Zero based, Oop shift amount: 3
[0.879s][info][gc,heap,exit ] Heap
[0.879s][info][gc,heap,exit ]  par new generation   total 78656K, used 63150K [0x00000006c0000000, 0x00000006c5550000, 0x00000006e9990000)
[0.879s][info][gc,heap,exit ]   eden space 69952K,  90% used [0x00000006c0000000, 0x00000006c3dab9a0, 0x00000006c4450000)
[0.879s][info][gc,heap,exit ]   from space 8704K,   0% used [0x00000006c4450000, 0x00000006c4450000, 0x00000006c4cd0000)
[0.879s][info][gc,heap,exit ]   to   space 8704K,   0% used [0x00000006c4cd0000, 0x00000006c4cd0000, 0x00000006c5550000)
[0.880s][info][gc,heap,exit ]  concurrent mark-sweep generation total 174784K, used 0K [0x00000006e9990000, 0x00000006f4440000, 0x00000007c0000000)
[0.880s][info][gc,heap,exit ]  Metaspace       used 15904K, capacity 16658K, committed 16768K, reserved 1064960K
[0.880s][info][gc,heap,exit ]   class space    used 1725K, capacity 1889K, committed 1920K, reserved 1048576K
